\BOOKMARK [0][-]{chapter.1}{\060\157\060\130\060\201\060\153}{}% 1
\BOOKMARK [0][-]{chapter.2}{First chapter}{}% 2
\BOOKMARK [0][-]{chapter.3}{C\043\060\153\060\144\060\104\060\146}{}% 3
\BOOKMARK [1][-]{section.3.1}{A section}{chapter.3}% 4
\BOOKMARK [1][-]{section.3.2}{C\043\060\153\060\144\060\104\060\146 \060\125\060\211\060\153}{chapter.3}% 5
\BOOKMARK [2][-]{subsection.3.2.1}{C\043\060\153\060\144\060\104\060\146 \060\202\060\106\116\000\136\246}{section.3.2}% 6
\BOOKMARK [1][-]{section.3.3}{Some math}{chapter.3}% 7
